2026-09-27 10:31:31Z  BIG TRANSFER  PEPE 3k-to-73M trader transfer in 1,551,000,000 GLAMDOG ~$4.52M from 0x6157…2eef  https://etherscan.io/tx/0xdcfd98b8717f160e3656d3a559b20bf28485c60b5962fa4966223fc248ee9c2b
2026-09-27 10:31:31Z  BIG TRANSFER  christian2022.eth transfer in 1,551,000,000 GLAMDOG ~$4.52M from 0x6157…2eef  https://etherscan.io/tx/0x3c94df67de6ac17ee527a7a8015440e79b215a5acab3c5868d10dd1ee0930e70
2026-09-27 10:31:31Z  BIG TRANSFER  Cobie transfer in 1,551,000,000 GLAMDOG ~$4.52M from 0x6157…2eef  https://etherscan.io/tx/0x11dbc28b65e91a4bd55d73361dbe03cbadf5acc89645d4dbb8101872871a7564
2026-09-27 10:31:31Z  BIG TRANSFER  Arthur Hayes 2 transfer in 551,000,000 GLAMDOG ~$1.61M from 0x6157…2eef  https://etherscan.io/tx/0xb3ce29ffa65d0862d60f4ea70820e0a900335c9b220082795d37c3e1d416641b
2026-09-27 10:31:31Z  BIG TRANSFER  machibigbrother.eth transfer in 1,551,000,000 GLAMDOG ~$4.52M from 0x6157…2eef  https://etherscan.io/tx/0x11dbc28b65e91a4bd55d73361dbe03cbadf5acc89645d4dbb8101872871a7564
2026-09-27 10:31:31Z  BIG TRANSFER  Justin Sun transfer in 1,551,000,000 GLAMDOG ~$4.52M from 0x6157…2eef  https://etherscan.io/tx/0x11dbc28b65e91a4bd55d73361dbe03cbadf5acc89645d4dbb8101872871a7564
2026-09-27 10:31:31Z  BIG TRANSFER  DeFiance Capital transfer in 1,551,000,000 GLAMDOG ~$4.52M from 0x6157…2eef  https://etherscan.io/tx/0x11dbc28b65e91a4bd55d73361dbe03cbadf5acc89645d4dbb8101872871a7564
2026-09-27 10:31:31Z  BIG TRANSFER  Abraxas Heka Funds transfer out 500.00 XAUT ~$2.14M sent to 0x7914…0f99  https://etherscan.io/tx/0x7457963e510b98197b43daafcf4de648cbc566dbfbc63b256e973565fa47ee1b
2026-09-27 10:31:31Z  BIG TRANSFER  Abraxas Heka Funds transfer out 1,638.00 XAUT ~$7.01M sent to 0xed0c…4312  https://etherscan.io/tx/0x1ef4ad563b6ccbacfadf810a0155bdf4263b7fff523df34361cc37cc183a0ce6
2026-09-27 10:31:31Z  BIG TRANSFER  Abraxas Heka Funds transfer in 1,638.00 XAUT ~$7.01M from 0x7713…35ec  https://etherscan.io/tx/0xe8a20d249ca6647444c77303a90743970fae58a710fe1cc778eb4b661e8c9113
2026-09-27 10:31:31Z  BIG TRANSFER  Abraxas Heka Funds transfer out 500.00 XAUT ~$2.14M to 0x7914…0f99 (unresolved)  https://etherscan.io/tx/0xf8a918427e883b71c23d992bd0df2ab807101393575d47dd73c08513bc46c9ab
2026-09-27 10:31:31Z  BIG TRANSFER  Abraxas Heka Funds transfer out 3,810.00 XAUT ~$16.31M to 0x5322…7d4f (unresolved)  https://etherscan.io/tx/0x3c2a32bdd0dc4d3fea6220169fd2718aefed08985b90117531408e0ff8857013
2026-09-27 10:31:31Z  BIG TRANSFER  Abraxas Heka Funds transfer in 400.00 XAUT ~$1.71M from 0x7713…35ec  https://etherscan.io/tx/0xcf7e9feb21f0fd67a9bfe5cf463b1dbd30404a41dfc5a7c675da37cc5d333865
2026-09-27 10:31:31Z  BIG TRANSFER  Abraxas (Arkham attrib.) transfer in 500.27 XAUT ~$2.14M from 0x187c…4100  https://etherscan.io/tx/0x5f44427e653bb3d3ec0d6d8531a15b8ed24079131cbc447311b50ba84c1b231d
2026-09-27 10:31:31Z  BIG TRANSFER  Abraxas (Arkham attrib.) transfer in 976.74 XAUT ~$4.18M from 0x4a4a…068d  https://etherscan.io/tx/0xf2cc7e921b5ced5727fca24c194ac7f10b6dcbc5a18cd62aab791b24949c743f
2026-09-27 10:31:31Z  BIG TRANSFER  Abraxas (Arkham attrib.) transfer in 1,000.00 XAUT ~$4.28M from 0x21a3…5549  https://etherscan.io/tx/0x0e3070cfd936d82a6ade10bf595ec569f86c3b353619c02bd124c676c6ed9d58
2026-09-27 10:31:31Z  BIG TRANSFER  Abraxas (Arkham attrib.) transfer in 1,000.00 XAUT ~$4.28M from 0x28c6…1d60  https://etherscan.io/tx/0xf1bdcb864919f35aea0f9b3cba6bf4ea1c6b53ff9c6d3dc4ed20f0e40870c798
2026-09-27 10:31:31Z  BIG TRANSFER  Abraxas (Arkham attrib.) transfer in 500.00 XAUT ~$2.14M from 0x7713…35ec  https://etherscan.io/tx/0xe30c3793fad6b627b308213841cb6d44ea6ac6f7861a48affdbb43b238c8fcbc
2026-09-27 10:31:31Z  BIG TRANSFER  Abraxas (Arkham attrib.) transfer out 500.00 XAUT ~$2.14M sent to 0xc29b…56fe  https://etherscan.io/tx/0x9cbb3257bae4c538a8cebeeb621acc256d7215c76ed03219bcc52dc5546924ca
2026-09-27 10:31:31Z  BIG TRANSFER  Abraxas (Arkham attrib.) transfer out 500.00 XAUT ~$2.14M sent to 0xc29b…56fe  https://etherscan.io/tx/0x00693fc61e8210626a30a07df64b773b7c334d3d6e047cf397eaed73ee1607e4
2026-09-27 10:31:31Z  BIG TRANSFER  Abraxas (Arkham attrib.) transfer out 700.00 XAUT ~$3.00M sent to 0xc29b…56fe  https://etherscan.io/tx/0x2cb6dcdfff1c79fe06bb45813c76891a5f306361afe7416c2a5092899a53d7d3
2026-09-27 10:31:31Z  BIG TRANSFER  Abraxas (Arkham attrib.) transfer out 500.00 XAUT ~$2.14M sent to 0x2850…1373  https://etherscan.io/tx/0xbf423d19b623433222d41823f3552d74cf959e162241363e542711d83893d24b
2026-09-27 10:31:31Z  BIG TRANSFER  Abraxas (Arkham attrib.) transfer out 400.00 XAUT ~$1.71M sent to 0x844a…d11f  https://etherscan.io/tx/0x6b980a4bf4f4fc9ae928d171cb1757d4a2fcf9f2e7867049be71f9c6639f78cd
2026-09-27 10:31:31Z  BIG TRANSFER  Abraxas (Arkham attrib.) transfer out 500.00 XAUT ~$2.14M sent to 0x109e…c671  https://etherscan.io/tx/0x19723b2d86be9e3a2b2efa84269d388fdf4090cac00f978725dad2efca0568d6
2026-09-27 10:31:31Z  BIG TRANSFER  Abraxas (Arkham attrib.) transfer out 1,000.00 XAUT ~$4.28M sent to 0xc29b…56fe  https://etherscan.io/tx/0x85c29fb183b09e34e828ba1844cc12038d4783f925dbae8e58db8685f3c9656a
2026-09-27 10:31:31Z  BIG TRANSFER  Abraxas (Arkham attrib.) transfer in 1,638.00 XAUT ~$7.01M from 0xb99a…bcf5  https://etherscan.io/tx/0x1ef4ad563b6ccbacfadf810a0155bdf4263b7fff523df34361cc37cc183a0ce6
2026-09-27 10:31:31Z  BIG TRANSFER  Abraxas (Arkham attrib.) transfer out 2,000.00 XAUT ~$8.56M to 0xc29b…56fe (unresolved)  https://etherscan.io/tx/0x8610240365f6c37623dc46c7df2606c373f84d7cbea9b115f4e291a738c8c246
2026-09-27 10:31:31Z  BIG TRANSFER  Abraxas (Arkham attrib.) transfer out 1,000.00 XAUT ~$4.28M to 0x844a…d11f (unresolved)  https://etherscan.io/tx/0xfc8c210c74d42443269cd03333cab551fdcb5781953b9b593758d1c27ddee1eb
2026-09-27 10:31:31Z  BIG TRANSFER  Abraxas (Arkham attrib.) transfer in 1,880.00 XAUT ~$8.05M from 0x7713…35ec  https://etherscan.io/tx/0x25ae4564d6556d9accf54bcdbbf6e70056e90c7f414294c65f11bbd0e3cb9c5d
2026-09-27 10:31:31Z  BIG TRANSFER  Abraxas (Arkham attrib.) transfer out 1,500.00 XAUT ~$6.42M to 0xc29b…56fe (unresolved)  https://etherscan.io/tx/0x2b10679f9706290fc617423edb75b734590ff9d39468a3b02556ce82e8c07efb
2026-09-27 10:31:31Z  BIG TRANSFER  Abraxas (Arkham attrib.) transfer in 10,000.00 XAUT ~$42.81M from 0x79ee…b74f  https://etherscan.io/tx/0x397e038dbe9dcb0c168ccc1a011e5e2c6ee04f94e8a5ec445e6e668fc65d667d
2026-09-27 10:31:31Z  BIG TRANSFER  Abraxas (Arkham attrib.) transfer out 2,000.00 XAUT ~$8.56M to 0xc29b…56fe (unresolved)  https://etherscan.io/tx/0xb351f2d0c002275dde3cb866bb3797ff0e0db390eed487f2695e35c4698a3e45
2026-09-27 10:31:31Z  BIG TRANSFER  Abraxas (Arkham attrib.) transfer out 1,000.00 XAUT ~$4.28M to 0x2850…1373 (unresolved)  https://etherscan.io/tx/0x41b04e8fb6778faa6d704cfdcaf1042d9071d0368b2b00451543ff319e4dbf25
2026-09-27 10:31:31Z  BIG TRANSFER  Abraxas (Arkham attrib.) transfer in 500.00 XAUT ~$2.14M from 0x187c…4100  https://etherscan.io/tx/0x02cad7789b8b4c96490867c1bd30647dca962a3d633fef4215dacd7f98cd6107
2026-09-27 10:31:31Z  BIG TRANSFER  Abraxas (Arkham attrib.) transfer in 1,000.00 XAUT ~$4.28M from 0x28c6…1d60  https://etherscan.io/tx/0x678736d5f223d7e49b86bef47f03071e01c957d84ef7718e3410adc800208a2f
2026-09-27 10:31:31Z  BIG TRANSFER  Abraxas (Arkham attrib.) transfer out 2,000.00 XAUT ~$8.56M to 0xc29b…56fe (unresolved)  https://etherscan.io/tx/0xe6a9fbf513eaea2cfb28e1a08dc6bdf9116ddc8a5e0ad52537721aebe6bc2f30
2026-09-27 10:31:31Z  BIG TRANSFER  Abraxas (Arkham attrib.) transfer out 10,170.00 XAUT ~$43.54M to 0x79ee…b74f (unresolved)  https://etherscan.io/tx/0x216beec9bcfa9552d75b24aef069c08ac79ca936bf883270d06f07a47fff9cc7
2026-09-27 10:31:31Z  BIG TRANSFER  Abraxas (Arkham attrib.) transfer out 2,000.00 XAUT ~$8.56M to 0xc29b…56fe (unresolved)  https://etherscan.io/tx/0x839f6a7f0dec7b191aed6eed349f1750246c580d5d8d3495bc91ee26f5e74400
2026-09-27 10:31:31Z  BIG TRANSFER  Abraxas (Arkham attrib.) transfer in 3,000.00 XAUT ~$12.84M from 0x7713…35ec  https://etherscan.io/tx/0xb5033f58244f737131e7600dd1b0880144cb139065a6d2dfcee2af787b084e63
2026-09-27 10:31:31Z  BIG TRANSFER  Abraxas (Arkham attrib.) transfer in 1,551,000,000 GLAMDOG ~$4.52M from 0x3d51…f665  https://etherscan.io/tx/0xcf11446bf7e5b4d0e59bfd2070400acaa1487a209abb7cc8c08bfea7d765489e
2026-09-27 10:31:31Z  BIG TRANSFER  a16z transfer in 1,551,000,000 GLAMDOG ~$4.52M from 0x6157…2eef  https://etherscan.io/tx/0x11dbc28b65e91a4bd55d73361dbe03cbadf5acc89645d4dbb8101872871a7564
2026-09-27 10:31:31Z  BIG TRANSFER  Cumberland transfer in 1,551,000,000 GLAMDOG ~$4.52M from 0x6157…2eef  https://etherscan.io/tx/0x11dbc28b65e91a4bd55d73361dbe03cbadf5acc89645d4dbb8101872871a7564
2026-09-27 10:31:31Z  BIG TRANSFER  Cumberland 2 transfer in 1,551,000,000 GLAMDOG ~$4.52M from 0x6157…2eef  https://etherscan.io/tx/0x11dbc28b65e91a4bd55d73361dbe03cbadf5acc89645d4dbb8101872871a7564
2026-09-27 10:31:31Z  BIG TRANSFER  Galaxy Digital OTC transfer in 1,000,454 EURC ~$1.13M from 0xa83d…f1ab  https://etherscan.io/tx/0x4c0bf7757ea353b8a222f4fc23a765e60fecc3bf751bf6ab1f214311d4f8de76
2026-09-27 10:31:31Z  BIG TRANSFER  Galaxy Digital OTC transfer out 1,000,354 EURC ~$1.13M sent to 0x1b8b…c9cc  https://etherscan.io/tx/0x28358607bff39066928bf09e4c0f15638821b311318905a2ce86634059d25d17
2026-09-27 10:31:31Z  BIG TRANSFER  Galaxy Digital OTC transfer in 650,000.00 FIDD ~$649.9k from 0xbbbc…edb7  https://etherscan.io/tx/0xed15f5beccf3e536369432529ad929db317291c086d259a3ca6b867ffe299633
2026-09-27 10:31:31Z  BIG TRANSFER  Galaxy Digital OTC transfer out 650,000.00 FIDD ~$649.9k to 0xddb7…decc (unresolved)  https://etherscan.io/tx/0x878ba66f103d51389d022dfa7b94d3481503f55771b348238132c1adf8899974
2026-09-27 10:31:31Z  BIG TRANSFER  Galaxy Digital OTC transfer out 1,801.10 AAVE ~$281.6k to 0x919e…30ff (unresolved)  https://etherscan.io/tx/0x44741d0a4f47737894e351a364df2f27e0d4a404da3279bf7a654412fc698a81
2026-09-27 10:31:31Z  BIG TRANSFER  Galaxy Digital OTC transfer in 1,551,000,000 GLAMDOG ~$4.52M from 0x3d51…f665  https://etherscan.io/tx/0x589e553a7386d8f71e5b26ddc41fe4a697ed38500afddae2b9791f972b1cb168
2026-09-27 10:31:31Z  BIG TRANSFER  Jump Trading transfer in 551,000,000 GLAMDOG ~$1.61M from 0x3d51…f665  https://etherscan.io/tx/0x51a418bcf23eb28f1b07584275d631dfccac8f8c1c2315b9eaa06d6b667ef512
2026-09-27 10:31:31Z  BIG TRANSFER  Amber Group transfer in 1,551,000,000 GLAMDOG ~$4.52M from 0x6157…2eef  https://etherscan.io/tx/0x3c94df67de6ac17ee527a7a8015440e79b215a5acab3c5868d10dd1ee0930e70
2026-09-27 10:31:31Z  BIG TRANSFER  Arthur Hayes main (Maelstrom) transfer in 39,693.74 UNI ~$396.5k from 0x1157…4101  https://etherscan.io/tx/0xb190c52fefe964313402e7c4b7ccab273602866bd4d3c73859adc829c1303362
2026-09-27 10:31:31Z  BIG TRANSFER  Arthur Hayes main (Maelstrom) transfer in 39,800.00 UNI ~$397.6k from 0x7391…a2a6  https://etherscan.io/tx/0xa13ad9dbb69d5ccf3ab6fcbef825f25aa74e939e29cbd962fc5f193231b18f0a
2026-09-27 10:31:31Z  BIG TRANSFER  Arthur Hayes main (Maelstrom) transfer in 551,000,000 GLAMDOG ~$1.61M from 0x6157…2eef  https://etherscan.io/tx/0x51a418bcf23eb28f1b07584275d631dfccac8f8c1c2315b9eaa06d6b667ef512
2026-09-27 10:31:31Z  BIG TRANSFER  BitMine treasury (BitGo) transfer in 551,000,000 GLAMDOG ~$1.61M from 0x6157…2eef  https://etherscan.io/tx/0xcaedd37725749174e6c82abf44680b1bc1e444644920da0cdbdec71ee4032421
2026-09-27 18:59:32Z  BIG TRANSFER  Abraxas (Arkham attrib.) transfer in 2,500,000 USDQ ~$2.50M from 0x7713…35ec  https://etherscan.io/tx/0xce7a2afceaf2d35c1e731599751e02369a801277b675047a0b77f3c9beee84d3
2026-09-27 23:48:19Z  BIG TRANSFER  Abraxas (Arkham attrib.) transfer out 2,500,000 USDQ ~$2.50M sent to 0x17dc…403a  https://etherscan.io/tx/0x33c8a2937890418eb2c902332a541aef317ab158dcf007da190f82384959db15
2026-09-27 23:48:19Z  BIG TRANSFER  Abraxas (Arkham attrib.) transfer in 1,150.00 XAUT ~$4.91M from 0x28c6…1d60  https://etherscan.io/tx/0xaf763dadc1d79fc682ec16f433546de1335d731d471f89bea5a977340979adf9
2026-09-27 23:48:19Z  BIG TRANSFER  Abraxas (Arkham attrib.) transfer in 1,000.00 XAUT ~$4.27M from 0xdfd5…963d  https://etherscan.io/tx/0x41d69cc2899521718b900b3ab48380e55f2bf21906fcc9ea973c5addb84dff55
2026-09-27 23:48:19Z  BIG TRANSFER  Abraxas (Arkham attrib.) transfer in 400.00 XAUT ~$1.71M from 0x187c…4100  https://etherscan.io/tx/0x2dccb31853236dbd79d09b1fe3611255c4ff61c469a579bcbfde5411f17b69ce
2026-09-28 13:52:10Z  BIG TRANSFER  Abraxas (Arkham attrib.) transfer out 1,000.00 XAUT ~$4.16M sent to 0xc29b…56fe  https://etherscan.io/tx/0x942c72bf2bb863b33cab006c963d6a29eac783ad594ad80d7e205baee4ff53f5
2026-09-28 13:52:10Z  BIG TRANSFER  Abraxas (Arkham attrib.) transfer out 2,000.00 XAUT ~$8.32M sent to 0xc29b…56fe  https://etherscan.io/tx/0xa7bfaa4b88b6150517db778a4ac58403dec80175a65948553ef53ea6e9655ebe
2026-09-28 13:52:10Z  BIG TRANSFER  Abraxas (Arkham attrib.) transfer out 2,000.00 XAUT ~$8.32M sent to 0xc29b…56fe  https://etherscan.io/tx/0x22778b5823c8495eb41cb4ea888ad8049771de803cbefa1298f170ae96afbb74
2026-09-28 13:52:10Z  BIG TRANSFER  Abraxas (Arkham attrib.) transfer out 500.00 XAUT ~$2.08M sent to 0x109e…c671  https://etherscan.io/tx/0xad83644adf23f5f6c079ef402d4cd3a1edc3564f56d4f305e6d5aa191b096247
2026-09-28 13:52:10Z  BIG TRANSFER  Abraxas (Arkham attrib.) transfer out 2,300.00 XAUT ~$9.57M sent to 0xc29b…56fe  https://etherscan.io/tx/0xbda89174449a53542c4af78486f4b9997d73692f5f36361bd05071a52d20a7b6
2026-09-28 13:52:10Z  BIG TRANSFER  Cumberland transfer in 0.432846 YFI ~$906.05M from 0x25e5…c03a  https://etherscan.io/tx/0xd307446a355f98108e569524c88c9ac2280a967b8033954f6206eb11143ee901
2026-09-28 13:52:10Z  BIG TRANSFER  Cumberland transfer out 0.597000 YFI ~$1.25B sent to 0x040d…0f3f  https://etherscan.io/tx/0x2fe02cce3e19909c9998d8854a5ded44d154a91dcc4ae517d00948dcf5019ab7
2026-09-28 21:14:25Z  BIG TRANSFER  Abraxas (Arkham attrib.) transfer in 10,000.00 XAUT ~$41.26M from 0x7713…35ec  https://etherscan.io/tx/0xba7cfa4fc1bc340a17e6536528684fe3871dd255d42ce60327c4981c30a356e1
2026-09-28 21:14:25Z  BIG TRANSFER  Abraxas (Arkham attrib.) transfer out 2,000.00 XAUT ~$8.25M sent to 0xc29b…56fe  https://etherscan.io/tx/0x87b3a9437136682154418caef37b79082e9589add00d6bf9681ed90606556fac
2026-09-28 21:14:25Z  BIG TRANSFER  Galaxy Digital OTC transfer in 0.021500 YFI ~$45.00M from 0x94e8…cd83  https://etherscan.io/tx/0x547c64f7b39fae20d45985040d47a314f92d8d47a92dd993a4756cf116056117
2026-09-28 21:14:25Z  BIG TRANSFER  Galaxy Digital OTC transfer in 779,774.00 ONDO ~$404.6k from 0x2f49…06c4  https://etherscan.io/tx/0x5ae36be26a19335afb0beaefe4acf7fc3f84b7c0d2f65daef9ef7ac68188d885
2026-09-29 09:48:12Z  BIG TRANSFER  Abraxas (Arkham attrib.) transfer out 1,000.00 XAUT ~$4.15M sent to 0xc29b…56fe  https://etherscan.io/tx/0x3a3dd535a57f32823566a0a26b7505c2325298243675038a20990dd5f29f9f05
2026-09-29 09:48:12Z  BIG TRANSFER  Abraxas (Arkham attrib.) transfer out 2,000.00 XAUT ~$8.30M sent to 0xc29b…56fe  https://etherscan.io/tx/0x837b24f4dc672d42cd3582778c6cf2eeb446d26c7aa8ec0bee213853593d46e3
2026-09-29 09:48:12Z  BIG TRANSFER  Galaxy Digital OTC transfer in 300,000.00 FIDD ~$300.1k from 0xbbbc…edb7  https://etherscan.io/tx/0x37c76785a36af87db7b4fc3e9fe1c1ec8ede66c057b2dddc55e02bde69f64bb9
2026-09-29 09:48:12Z  BIG TRANSFER  Galaxy Digital OTC transfer out 300,000.00 FIDD ~$300.1k sent to 0xddb7…decc  https://etherscan.io/tx/0xeb988b5da00b6d5cd425b6dc7028b12fc5acd38e144036202f98f8b88081a100
2026-09-29 18:05:08Z  BIG TRANSFER  Abraxas (Arkham attrib.) transfer out 2,000.00 XAUT ~$8.32M sent to 0xc29b…56fe  https://etherscan.io/tx/0x318164892189bedace6be7f5704fc2f0a65571b09cab8278fe2a44e373fc2d3e
2026-09-29 18:05:08Z  BIG TRANSFER  Abraxas (Arkham attrib.) transfer in 6,800.00 XAUT ~$28.30M from 0x7713…35ec  https://etherscan.io/tx/0xa68d0ef2c431ba7bedd643c189420a4daf7019ef7cea5c528a844b779f3a7b24
2026-09-30 20:01:03Z  BIG TRANSFER  Abraxas Heka Funds transfer in 3,000.00 XAUT ~$12.48M from 0x7713…35ec  https://etherscan.io/tx/0xc3100b577cf427b5d42f0c9ac512c1638abc73fd37a6136374e0bb9ba36f40b0
2026-09-30 20:01:03Z  NEW POSITION  7 Siblings bought 96,027.39 STNXM (~$4.93M) 
2026-09-30 20:01:03Z  BUY           7 Siblings 96,027.39 STNXM ~$4.93M via external  https://etherscan.io/tx/0x5c869ed1649bf52f17307ca7e2862504bf0734f982bc3d7d7d867c3357dac9c3
2026-09-30 20:01:03Z  BUY           7 Siblings 1,386.05 STNXM ~$71.2k via external  https://etherscan.io/tx/0x31c7af5757c81b9de9f61bc6904d4c30844374fbc83153d7a1fe009590f18b3f
